[dentario-html.themerex.net/index.html]
[dentario-html.themerex.net/images/favicon.png]
[backblue.gif]
[fade.gif]
[index.html]
[dentario-html.themerex.net/css/animations.css]
[dentario-html.themerex.net/js/vendor/revslider/settings.css]
[dentario-html.themerex.net/css/fontello/css/fontello.css]
[dentario-html.themerex.net/css/core.animation.css]
[dentario-html.themerex.net/css/style.css]
[dentario-html.themerex.net/css/shortcodes.css]
[dentario-html.themerex.net/css/plugin.tribe-events.css]
[dentario-html.themerex.net/css/skin.css]
[dentario-html.themerex.net/css/custom-style.css]
[dentario-html.themerex.net/css/responsive.css]
[dentario-html.themerex.net/css/skin.responsive.css]
[dentario-html.themerex.net/js/vendor/mediaelement/mediaelementplayer.min.css]
[dentario-html.themerex.net/js/vendor/mediaelement/mediaelement.min.css]
[dentario-html.themerex.net/js/vendor/comp/comp.min.css]
[dentario-html.themerex.net/css/custom.css]
[dentario-html.themerex.net/css/core.messages.css]
[dentario-html.themerex.net/js/vendor/swiper/swiper.min.css]
[dentario-html.themerex.net/index-2.html]
[dentario-html.themerex.net/images/logo-1x.png]
[dentario-html.themerex.net/home-2.html]
[dentario-html.themerex.net/home-3.html]
[dentario-html.themerex.net/typography.html]
[dentario-html.themerex.net/shortcodes.html]
[dentario-html.themerex.net/pricing.html]
[dentario-html.themerex.net/support.html]
[dentario-html.themerex.net/shop.html]
[dentario-html.themerex.net/faq.html]
[dentario-html.themerex.net/404.html]
[dentario-html.themerex.net/services.html]
[dentario-html.themerex.net/single-service.html]
[dentario-html.themerex.net/about.html]
[dentario-html.themerex.net/team.html]
[dentario-html.themerex.net/single-team.html]
[dentario-html.themerex.net/grid.html]
[dentario-html.themerex.net/masonry.html]
[dentario-html.themerex.net/cobbles.html]
[dentario-html.themerex.net/post-formats.html]
[dentario-html.themerex.net/classic.html]
[dentario-html.themerex.net/masonry-2-columns.html]
[dentario-html.themerex.net/masonry-3-columns.html]
[dentario-html.themerex.net/portfolio-2-columns.html]
[dentario-html.themerex.net/portfolio-3-columns.html]
[dentario-html.themerex.net/appointment.html]
[dentario-html.themerex.net/contacts.html]
[dentario-html.themerex.net/images/01_slider-background.jpg]
[dentario-html.themerex.net/images/h1_sl1_1.png]
[dentario-html.themerex.net/images/h1_sl1_3.png]
[dentario-html.themerex.net/images/h1_sl1_2.png]
[dentario-html.themerex.net/images/testimonial-1-79x79.jpg]
[dentario-html.themerex.net/images/testimonial-2-79x79.jpg]
[dentario-html.themerex.net/images/testimonial-3-79x79.jpg]
[dentario-html.themerex.net/images/team-1-small-182x182.png]
[dentario-html.themerex.net/images/team-4-small-182x182.png]
[dentario-html.themerex.net/images/team-2-small-182x182.png]
[dentario-html.themerex.net/images/team-3-small-182x182.png]
[dentario-html.themerex.net/_http_/dentario.themerex.net/wp-content/uploads/2016/01/very_slim_beautiful_nurse5782.mp4]
[dentario-html.themerex.net/images/info-block-3.jpg]
[dentario-html.themerex.net/images/map_marker.png]
[dentario-html.themerex.net/images/facebook.png]
[dentario-html.themerex.net/images/google.png]
[dentario-html.themerex.net/images/twitter.png]
[dentario-html.themerex.net/js/vendor/jquery/jquery-migrate.min.js]
[dentario-html.themerex.net/js/vendor/jquery/jquery.js]
[dentario-html.themerex.net/js/vendor/jquery/fcc8474e79.js]
[dentario-html.themerex.net/js/custom/custom.js]
[dentario-html.themerex.net/js/vendor/revslider/jquery.themepunch.revolution.min.js]
[dentario-html.themerex.net/js/vendor/esg/jquery.themepunch.tools.min.js]
[dentario-html.themerex.net/js/vendor/revslider/extensions/revolution.extension.slideanims.min.js]
[dentario-html.themerex.net/js/vendor/revslider/extensions/revolution.extension.navigation.min.js]
[dentario-html.themerex.net/js/vendor/revslider/extensions/revolution.extension.layeranimation.min.js]
[dentario-html.themerex.net/js/vendor/revslider/extensions/revolution.extension.parallax.min.js]
[dentario-html.themerex.net/js/vendor/modernizr.min.js]
[dentario-html.themerex.net/js/vendor/jquery/core.min.js]
[dentario-html.themerex.net/js/vendor/superfish.js]
[dentario-html.themerex.net/js/custom/jquery.slidemenu.js]
[dentario-html.themerex.net/js/custom/core.utils.js]
[dentario-html.themerex.net/js/custom/init.js]
[dentario-html.themerex.net/js/custom/core.init.js]
[dentario-html.themerex.net/js/vendor/mediaelement/mediaelement.min.js]
[dentario-html.themerex.net/js/custom/social-share.js]
[dentario-html.themerex.net/js/custom/embed.min.js]
[dentario-html.themerex.net/js/custom/core.messages.js]
[dentario-html.themerex.net/js/custom/shortcodes.js]
[dentario-html.themerex.net/js/vendor/mediaelement/mediaelement-and-player.min.js]
[dentario-html.themerex.net/js/vendor/magnific/jquery.magnific-popup.min.js]
[dentario-html.themerex.net/js/vendor/comp/comp_front.min.js]
[dentario-html.themerex.net/index.html]
[dentario-html.themerex.net/css/animations.css]
[dentario-html.themerex.net/js/vendor/core.googlemap.js]
[dentario-html.themerex.net/js/vendor/swiper/swiper.min.js]
[dentario-html.themerex.net/js/vendor/fonts/revicons/revicons90c6.eot]
[dentario-html.themerex.net/js/vendor/fonts/revicons/revicons90c6.woff]
[dentario-html.themerex.net/js/vendor/fonts/revicons/revicons90c6.ttf]
[dentario-html.themerex.net/js/vendor/fonts/revicons/revicons90c6.svg]
[dentario-html.themerex.net/js/vendor/revslider/openhand.cur]
[dentario-html.themerex.net/js/vendor/revslider/closedhand.cur]
[dentario-html.themerex.net/js/vendor/assets/gridtile.png]
[dentario-html.themerex.net/js/vendor/assets/gridtile_white.png]
[dentario-html.themerex.net/js/vendor/assets/gridtile_3x3.png]
[dentario-html.themerex.net/js/vendor/assets/gridtile_3x3_white.png]
[dentario-html.themerex.net/js/vendor/assets/coloredbg.png]
[dentario-html.themerex.net/images/loader.gif]
[dentario-html.themerex.net/js/vendor/revslider/settings.css]
[dentario-html.themerex.net/css/fontello/font/fontello85b2.ttf]
[dentario-html.themerex.net/css/fontello/css/fontello.css]
[dentario-html.themerex.net/css/fontello/font/fontello85b2.svg]
[dentario-html.themerex.net/css/fontello/font/fontello85b2.eot]
[dentario-html.themerex.net/css/images/sticky.png]
[dentario-html.themerex.net/css/images/bg/texture_7.png]
[dentario-html.themerex.net/css/images/rating_summary_bg.png]
[dentario-html.themerex.net/images/hex_blue.png]
[dentario-html.themerex.net/css/images/bg_dark.jpg]
[dentario-html.themerex.net/css/images/bg_light.jpg]
[dentario-html.themerex.net/css/fontello/font/fontello85b2.woff]
[dentario-html.themerex.net/css/images/bg_yellow.jpg]
[dentario-html.themerex.net/css/images/texture_top.png]
[dentario-html.themerex.net/css/images/texture_slider.png]
[dentario-html.themerex.net/css/images/texture_center.png]
[dentario-html.themerex.net/css/images/bg/texture_1.png]
[dentario-html.themerex.net/css/images/bg/texture_2.png]
[dentario-html.themerex.net/css/images/bg/texture_3.png]
[dentario-html.themerex.net/css/images/bg/texture_4.png]
[dentario-html.themerex.net/css/images/bg/texture_5.png]
[dentario-html.themerex.net/css/images/bg/texture_6.png]
[dentario-html.themerex.net/css/images/bg/texture_8.png]
[dentario-html.themerex.net/css/images/bg/texture_9.png]
[dentario-html.themerex.net/css/images/bg/texture_10.png]
[dentario-html.themerex.net/css/images/bg/texture_11.png]
[dentario-html.themerex.net/css/images/bg/texture_12.png]
[dentario-html.themerex.net/css/images/bg/pattern_1.jpg]
[dentario-html.themerex.net/css/images/bg/pattern_2.jpg]
[dentario-html.themerex.net/css/images/bg/pattern_3.jpg]
[dentario-html.themerex.net/css/images/bg/pattern_4.jpg]
[dentario-html.themerex.net/css/images/bg/pattern_5.jpg]
[dentario-html.themerex.net/css/images/bg/image_1.jpg]
[dentario-html.themerex.net/css/images/bg/image_2.jpg]
[dentario-html.themerex.net/css/images/bg/image_3.jpg]
[dentario-html.themerex.net/css/style.css]
[dentario-html.themerex.net/css/core.animation.css]
[dentario-html.themerex.net/images/hex.png]
[dentario-html.themerex.net/css/shortcodes.css]
[dentario-html.themerex.net/css/plugin.tribe-events.css]
[dentario-html.themerex.net/images/controls.png]
[dentario-html.themerex.net/css/skin.css]
[dentario-html.themerex.net/css/custom-style.css]
[dentario-html.themerex.net/css/responsive.css]
[dentario-html.themerex.net/css/skin.responsive.css]
[dentario-html.themerex.net/js/vendor/mediaelement/bigplay.svg]
[dentario-html.themerex.net/js/vendor/mediaelement/bigplay.png]
[dentario-html.themerex.net/js/vendor/mediaelement/background.png]
[dentario-html.themerex.net/js/vendor/mediaelement/loading.gif]
[dentario-html.themerex.net/js/vendor/mediaelement/controls.svg]
[dentario-html.themerex.net/controls.png]
[dentario-html.themerex.net/js/vendor/mediaelement/jumpforward.png]
[dentario-html.themerex.net/js/vendor/mediaelement/skipback.png]
[dentario-html.themerex.net/js/vendor/mediaelement/mediaelementplayer.min.css]
[dentario-html.themerex.net/js/vendor/mediaelement/mediaelement.min.css]
[dentario-html.themerex.net/js/vendor/vc/alert.png]
[dentario-html.themerex.net/js/vendor/vc/info.png]
[dentario-html.themerex.net/js/vendor/vc/tick.png]
[dentario-html.themerex.net/js/vendor/vc/exclamation.png]
[dentario-html.themerex.net/js/vendor/images/icons/address-book.png]
[dentario-html.themerex.net/js/vendor/images/icons/alarm-clock.png]
[dentario-html.themerex.net/js/vendor/images/icons/anchor.png]
[dentario-html.themerex.net/js/vendor/images/icons/application-image.png]
[dentario-html.themerex.net/js/vendor/images/icons/arrow.png]
[dentario-html.themerex.net/js/vendor/images/icons/asterisk.png]
[dentario-html.themerex.net/js/vendor/images/icons/auction-hammer.png]
[dentario-html.themerex.net/js/vendor/images/icons/balloon.png]
[dentario-html.themerex.net/js/vendor/images/icons/balloon-buzz.png]
[dentario-html.themerex.net/js/vendor/images/icons/balloon-facebook.png]
[dentario-html.themerex.net/js/vendor/images/icons/balloon-twitter.png]
[dentario-html.themerex.net/js/vendor/images/icons/battery-full.png]
[dentario-html.themerex.net/js/vendor/images/icons/binocular.png]
[dentario-html.themerex.net/js/vendor/images/icons/blue-document-excel.png]
[dentario-html.themerex.net/js/vendor/images/icons/blue-document-image.png]
[dentario-html.themerex.net/js/vendor/images/icons/blue-document-music.png]
[dentario-html.themerex.net/js/vendor/images/icons/blue-document-office.png]
[dentario-html.themerex.net/js/vendor/images/icons/blue-document-pdf.png]
[dentario-html.themerex.net/js/vendor/images/icons/blue-document-powerpoint.png]
[dentario-html.themerex.net/js/vendor/images/icons/blue-document-word.png]
[dentario-html.themerex.net/js/vendor/images/icons/bookmark.png]
[dentario-html.themerex.net/js/vendor/images/icons/camcorder.png]
[dentario-html.themerex.net/js/vendor/images/icons/camera.png]
[dentario-html.themerex.net/js/vendor/images/icons/chart.png]
[dentario-html.themerex.net/js/vendor/images/icons/chart-pie.png]
[dentario-html.themerex.net/js/vendor/images/icons/clock.png]
[dentario-html.themerex.net/js/vendor/images/icons/control.png]
[dentario-html.themerex.net/js/vendor/images/icons/fire.png]
[dentario-html.themerex.net/js/vendor/images/icons/heart.png]
[dentario-html.themerex.net/js/vendor/images/icons/mail.png]
[dentario-html.themerex.net/js/vendor/images/icons/plus-shield.png]
[dentario-html.themerex.net/js/vendor/images/icons/video.png]
[dentario-html.themerex.net/js/vendor/fonts/vc_icons/fonts/VC-Icons8309.ttf]
[dentario-html.themerex.net/js/vendor/fonts/vc_icons/fonts/VC-Icons8309.woff]
[dentario-html.themerex.net/js/vendor/fonts/vc_icons/fonts/VC-Icons8309.svg]
[dentario-html.themerex.net/js/vendor/images/toggle_open.png]
[dentario-html.themerex.net/js/vendor/images/toggle_close.png]
[dentario-html.themerex.net/js/vendor/images/flickr.png]
[dentario-html.themerex.net/js/vendor/fonts/vc_grid/vc_grid_v157a1.eot]
[dentario-html.themerex.net/js/vendor/fonts/vc_grid/vc_grid_v1d41d.eot]
[dentario-html.themerex.net/js/vendor/fonts/vc_grid/vc_grid_v157a1.woff]
[dentario-html.themerex.net/js/vendor/fonts/vc_grid/vc_grid_v157a1.ttf]
[dentario-html.themerex.net/js/vendor/fonts/vc_grid/vc_grid_v157a1.svg]
[dentario-html.themerex.net/js/vendor/comp/comp.min.css]
[dentario-html.themerex.net/images/image-3-600x400.jpg]
[dentario-html.themerex.net/images/image-1-600x400.jpg]
[dentario-html.themerex.net/images/image-18-708x400.jpg]
[dentario-html.themerex.net/images/image-0-600x400.jpg]
[dentario-html.themerex.net/images/image-14-900x400.jpg]
[dentario-html.themerex.net/images/image-16-528x400.jpg]
[dentario-html.themerex.net/images/image-4-770x434.jpg]
[dentario-html.themerex.net/images/image-13-770x434.jpg]
[dentario-html.themerex.net/images/info-block-3-770x434.jpg]
[dentario-html.themerex.net/images/image-2-770x434.jpg]
[dentario-html.themerex.net/images/image-6-770x434.jpg]
[dentario-html.themerex.net/css/custom.css]
[dentario-html.themerex.net/css/core.messages.css]
[dentario-html.themerex.net/js/vendor/swiper/swiper.min.css]
[dentario-html.themerex.net/index-2.html]
[dentario-html.themerex.net/images/logo-fixed.png]
[dentario-html.themerex.net/images/team_3-240x240.jpg]
[dentario-html.themerex.net/images/team_2-240x240.jpg]
[dentario-html.themerex.net/images/team_1-240x240.jpg]
[dentario-html.themerex.net/images/team_4-240x240.jpg]
[dentario-html.themerex.net/single-post.html]
[dentario-html.themerex.net/images/map_marker_small.png]
[dentario-html.themerex.net/images/footer-logo-1x.png]
[dentario-html.themerex.net/images/news1-75x75.jpg]
[dentario-html.themerex.net/images/news2-75x75.jpg]
[dentario-html.themerex.net/images/news3-75x75.jpg]
[dentario-html.themerex.net/home-2.html]
[dentario-html.themerex.net/js/vendor/jquery/datepicker.min.js]
[dentario-html.themerex.net/images/home_3_sl2_bg.jpg]
[dentario-html.themerex.net/images/home_3_sl1_bg.jpg]
[dentario-html.themerex.net/images/home_3_sl3_bg.jpg]
[dentario-html.themerex.net/services]
[dentario-html.themerex.net/images/1-370x267.jpg]
[dentario-html.themerex.net/images/image-3-370x267.jpg]
[dentario-html.themerex.net/images/image-7-370x267.jpg]
[dentario-html.themerex.net/js/vendor/isotope/isotope.pkgd.min.js]
[dentario-html.themerex.net/home-3.html]
[dentario-html.themerex.net/js/vendor/esg/settings.css]
[dentario-html.themerex.net/images/image-6-300x200.jpg]
[dentario-html.themerex.net/images/image-3-300x200.jpg]
[dentario-html.themerex.net/typography.html]
[dentario-html.themerex.net/images/Dream-Music-Relax.mp3]
[dentario-html.themerex.net/images/image-5.jpg]
[dentario-html.themerex.net/images/team_3-182x182.jpg]
[dentario-html.themerex.net/images/team_2-182x182.jpg]
[dentario-html.themerex.net/images/team_1-182x182.jpg]
[dentario-html.themerex.net/js/vendor/ui/widget.min.js]
[dentario-html.themerex.net/js/vendor/ui/accordion.min.js]
[dentario-html.themerex.net/js/vendor/ui/tabs.min.js]
[dentario-html.themerex.net/js/vendor/ui/effect.min.js]
[dentario-html.themerex.net/js/vendor/ui/effect-fade.min.js]
[dentario-html.themerex.net/js/vendor/chart.min.js]
[dentario-html.themerex.net/shortcodes.html]
[dentario-html.themerex.net/pricing.html]
[dentario-html.themerex.net/images/7_support.png]
[dentario-html.themerex.net/images/7_support-updated-tablet.png]
[dentario-html.themerex.net/images/inmotion.png]
[dentario-html.themerex.net/images/mediatemple.png]
[dentario-html.themerex.net/support.html]
[dentario-html.themerex.net/js/vendor/woo/woocommerce-layout.css]
[dentario-html.themerex.net/js/vendor/woo/woocommerce-smallscreen.css]
[dentario-html.themerex.net/js/vendor/woo/woocommerce.css]
[dentario-html.themerex.net/js/vendor/woo/plugin.woocommerce.css]
[dentario-html.themerex.net/images/product-3-300x300.jpg]
[dentario-html.themerex.net/single-product.html]
[dentario-html.themerex.net/images/product-5-300x300.jpg]
[dentario-html.themerex.net/images/product-4-300x300.jpg]
[dentario-html.themerex.net/images/product-1-300x300.jpg]
[dentario-html.themerex.net/images/product-8-300x300.jpg]
[dentario-html.themerex.net/images/product-7-300x300.jpg]
[dentario-html.themerex.net/images/product-6-300x300.jpg]
[dentario-html.themerex.net/images/product-2-300x300.jpg]
[dentario-html.themerex.net/images/product-8-180x180.jpg]
[dentario-html.themerex.net/images/product-4-180x180.jpg]
[dentario-html.themerex.net/js/vendor/woo/add-to-cart.min.js]
[dentario-html.themerex.net/js/vendor/woo/woocommerce-add-to-cart.js]
[dentario-html.themerex.net/js/vendor/woo/jquery.blockUI.min.js]
[dentario-html.themerex.net/js/vendor/woo/js.cookie.min.js]
[dentario-html.themerex.net/js/vendor/woo/woocommerce.min.js]
[dentario-html.themerex.net/shop.html]
[dentario-html.themerex.net/faq.html]
[dentario-html.themerex.net/404.html]
[dentario-html.themerex.net/services.html]
[dentario-html.themerex.net/js/vendor/woo/cart-fragments.min.js]
[dentario-html.themerex.net/images/info-block-6.png]
[dentario-html.themerex.net/single-service.html]
[dentario-html.themerex.net/about.html]
[dentario-html.themerex.net/js/custom/comment-reply.min.js]
[dentario-html.themerex.net/images/team_4-182x182.jpg]
[dentario-html.themerex.net/team.html]
[dentario-html.themerex.net/images/team_2.jpg]
[dentario-html.themerex.net/single-team.html]
[dentario-html.themerex.net/js/vendor/esg/lightbox.css]
[dentario-html.themerex.net/images/gallery-1.jpg]
[dentario-html.themerex.net/images/image-7.jpg]
[dentario-html.themerex.net/images/gallery-8.jpg]
[dentario-html.themerex.net/images/gallery-2.jpg]
[dentario-html.themerex.net/images/gallery-3.jpg]
[dentario-html.themerex.net/images/gallery-4.jpg]
[dentario-html.themerex.net/images/gallery-5.jpg]
[dentario-html.themerex.net/images/gallery-6.jpg]
[dentario-html.themerex.net/js/vendor/esg/lightbox.js]
[dentario-html.themerex.net/js/vendor/esg/jquery.themepunch.essential.min.js]
[dentario-html.themerex.net/grid.html]
[dentario-html.themerex.net/masonry.html]
[dentario-html.themerex.net/cobbles.html]
[dentario-html.themerex.net/images/image-3-770x434.jpg]
[dentario-html.themerex.net/post-formats.htmlfeed/index.html]
[dentario-html.themerex.net/images/3-75x75.png]
[dentario-html.themerex.net/images/4-75x75.png]
[dentario-html.themerex.net/post-formats.html]
[dentario-html.themerex.net/images/image-1-770x434.jpg]
[dentario-html.themerex.net/images/image-18-770x434.jpg]
[dentario-html.themerex.net/images/image-0-770x434.jpg]
[dentario-html.themerex.net/images/image-14-770x434.jpg]
[dentario-html.themerex.net/images/image-16-770x434.jpg]
[dentario-html.themerex.net/images/image-7-770x434.jpg]
[dentario-html.themerex.net/images/image-17-770x434.jpg]
[dentario-html.themerex.net/images/image-11-770x434.jpg]
[dentario-html.themerex.net/classic.html]
[dentario-html.themerex.net/images/image-3-370x246.jpg]
[dentario-html.themerex.net/images/image-1-370x246.jpg]
[dentario-html.themerex.net/images/image-18-370x208.jpg]
[dentario-html.themerex.net/images/image-0-370x246.jpg]
[dentario-html.themerex.net/images/image-14-370x164.jpg]
[dentario-html.themerex.net/images/image-16-370x280.jpg]
[dentario-html.themerex.net/images/image-4-370x246.jpg]
[dentario-html.themerex.net/images/image-7-370x246.jpg]
[dentario-html.themerex.net/images/image-6-370x246.jpg]
[dentario-html.themerex.net/images/image-17-370x271.jpg]
[dentario-html.themerex.net/images/image-13-370x246.jpg]
[dentario-html.themerex.net/images/image-11-370x246.jpg]
[dentario-html.themerex.net/masonry-2-columns.html]
[dentario-html.themerex.net/masonry-3-columns.html]
[dentario-html.themerex.net/css/core.portfolio.css]
[dentario-html.themerex.net/portfolio-2-columns.html]
[dentario-html.themerex.net/portfolio-3-columns.html]
[dentario-html.themerex.net/js/vendor/jquery/jquery.hoverdir.min.js]
[dentario-html.themerex.net/js/vendor/booked/tooltipster.css]
[dentario-html.themerex.net/js/vendor/booked/tooltipster-light.css]
[dentario-html.themerex.net/js/vendor/booked/styles.css]
[dentario-html.themerex.net/js/vendor/booked/responsive.css]
[dentario-html.themerex.net/js/vendor/booked/plugin.booked.css]
[dentario-html.themerex.net/js/vendor/booked/spin.min.js]
[dentario-html.themerex.net/js/vendor/booked/spin.jquery.js]
[dentario-html.themerex.net/appointment.html]
[dentario-html.themerex.net/js/vendor/booked/jquery.tooltipster.min.js]
[dentario-html.themerex.net/contacts.html]
[dentario-html.themerex.net/_http_/dentario.themerex.net/wp-content/uploads/2016/01/very_slim_beautiful_nurse5782.html]
[dentario-html.themerex.net/js/vendor/fonts/revicons/revicons90c6.html]
[dentario-html.themerex.net/js/vendor/fonts/revicons/revicons90c6-2.html]
[dentario-html.themerex.net/js/vendor/fonts/revicons/revicons90c6-3.html]
[dentario-html.themerex.net/js/vendor/fonts/revicons/revicons90c6-4.html]
[dentario-html.themerex.net/js/vendor/revslider/openhand.html]
[dentario-html.themerex.net/js/vendor/revslider/closedhand.html]
[dentario-html.themerex.net/js/vendor/assets/gridtile.html]
[dentario-html.themerex.net/js/vendor/assets/gridtile_white.html]
[dentario-html.themerex.net/js/vendor/assets/gridtile_3x3.html]
[dentario-html.themerex.net/js/vendor/assets/gridtile_3x3_white.html]
[dentario-html.themerex.net/js/vendor/assets/coloredbg.html]
[dentario-html.themerex.net/css/fontello/font/fontello85b2.svg]
[dentario-html.themerex.net/css/images/sticky.html]
[dentario-html.themerex.net/css/images/bg/texture_7.html]
[dentario-html.themerex.net/css/images/rating_summary_bg.html]
[dentario-html.themerex.net/css/images/bg_dark.html]
[dentario-html.themerex.net/css/images/bg_light.html]
[dentario-html.themerex.net/css/images/bg_yellow.html]
[dentario-html.themerex.net/css/images/texture_top.html]
[dentario-html.themerex.net/css/images/texture_slider.html]
[dentario-html.themerex.net/css/images/texture_center.html]
[dentario-html.themerex.net/css/images/bg/texture_1.html]
[dentario-html.themerex.net/css/images/bg/texture_2.html]
[dentario-html.themerex.net/css/images/bg/texture_3.html]
[dentario-html.themerex.net/css/images/bg/texture_4.html]
[dentario-html.themerex.net/css/images/bg/texture_5.html]
[dentario-html.themerex.net/css/images/bg/texture_6.html]
[dentario-html.themerex.net/css/images/bg/texture_8.html]
[dentario-html.themerex.net/css/images/bg/texture_9.html]
[dentario-html.themerex.net/css/images/bg/texture_10.html]
[dentario-html.themerex.net/css/images/bg/texture_11.html]
[dentario-html.themerex.net/css/images/bg/texture_12.html]
[dentario-html.themerex.net/css/images/bg/pattern_1.html]
[dentario-html.themerex.net/css/images/bg/pattern_2.html]
[dentario-html.themerex.net/css/images/bg/pattern_3.html]
[dentario-html.themerex.net/css/images/bg/pattern_4.html]
[dentario-html.themerex.net/css/images/bg/pattern_5.html]
[dentario-html.themerex.net/css/images/bg/image_1.html]
[dentario-html.themerex.net/css/images/bg/image_2.html]
[dentario-html.themerex.net/css/images/bg/image_3.html]
[dentario-html.themerex.net/js/vendor/mediaelement/bigplay.html]
[dentario-html.themerex.net/js/vendor/mediaelement/bigplay-2.html]
[dentario-html.themerex.net/js/vendor/mediaelement/background.html]
[dentario-html.themerex.net/js/vendor/mediaelement/loading.html]
[dentario-html.themerex.net/js/vendor/mediaelement/controls.html]
[dentario-html.themerex.net/controls.html]
[dentario-html.themerex.net/js/vendor/mediaelement/jumpforward.html]
[dentario-html.themerex.net/js/vendor/mediaelement/skipback.html]
[dentario-html.themerex.net/js/vendor/vc/alert.html]
[dentario-html.themerex.net/js/vendor/vc/info.html]
[dentario-html.themerex.net/js/vendor/vc/tick.html]
[dentario-html.themerex.net/js/vendor/vc/exclamation.html]
[dentario-html.themerex.net/js/vendor/images/icons/address-book.html]
[dentario-html.themerex.net/js/vendor/images/icons/alarm-clock.html]
[dentario-html.themerex.net/js/vendor/images/icons/anchor.html]
[dentario-html.themerex.net/js/vendor/images/icons/application-image.html]
[dentario-html.themerex.net/js/vendor/images/icons/arrow.html]
[dentario-html.themerex.net/js/vendor/images/icons/asterisk.html]
[dentario-html.themerex.net/js/vendor/images/icons/auction-hammer.html]
[dentario-html.themerex.net/js/vendor/images/icons/balloon.html]
[dentario-html.themerex.net/js/vendor/images/icons/balloon-buzz.html]
[dentario-html.themerex.net/js/vendor/images/icons/balloon-facebook.html]
[dentario-html.themerex.net/js/vendor/images/icons/balloon-twitter.html]
[dentario-html.themerex.net/js/vendor/images/icons/battery-full.html]
[dentario-html.themerex.net/js/vendor/images/icons/binocular.html]
[dentario-html.themerex.net/js/vendor/images/icons/blue-document-excel.html]
[dentario-html.themerex.net/js/vendor/images/icons/blue-document-image.html]
[dentario-html.themerex.net/js/vendor/images/icons/blue-document-music.html]
[dentario-html.themerex.net/js/vendor/images/icons/blue-document-office.html]
[dentario-html.themerex.net/js/vendor/images/icons/blue-document-pdf.html]
[dentario-html.themerex.net/js/vendor/images/icons/blue-document-powerpoint.html]
[dentario-html.themerex.net/js/vendor/images/icons/blue-document-word.html]
[dentario-html.themerex.net/js/vendor/images/icons/bookmark.html]
[dentario-html.themerex.net/js/vendor/images/icons/camcorder.html]
[dentario-html.themerex.net/js/vendor/images/icons/camera.html]
[dentario-html.themerex.net/js/vendor/images/icons/chart.html]
[dentario-html.themerex.net/js/vendor/images/icons/chart-pie.html]
[dentario-html.themerex.net/js/vendor/images/icons/clock.html]
[dentario-html.themerex.net/js/vendor/images/icons/control.html]
[dentario-html.themerex.net/js/vendor/images/icons/fire.html]
[dentario-html.themerex.net/js/vendor/images/icons/heart.html]
[dentario-html.themerex.net/js/vendor/images/icons/mail.html]
[dentario-html.themerex.net/js/vendor/images/icons/plus-shield.html]
[dentario-html.themerex.net/js/vendor/images/icons/video.html]
[dentario-html.themerex.net/js/vendor/fonts/vc_icons/fonts/VC-Icons8309.html]
[dentario-html.themerex.net/js/vendor/fonts/vc_icons/fonts/VC-Icons8309-2.html]
[dentario-html.themerex.net/js/vendor/fonts/vc_icons/fonts/VC-Icons8309-3.html]
[dentario-html.themerex.net/js/vendor/images/toggle_open.html]
[dentario-html.themerex.net/js/vendor/images/toggle_close.html]
[dentario-html.themerex.net/js/vendor/images/flickr.html]
[dentario-html.themerex.net/js/vendor/fonts/vc_grid/vc_grid_v157a1.html]
[dentario-html.themerex.net/js/vendor/fonts/vc_grid/vc_grid_v1d41d.html]
[dentario-html.themerex.net/js/vendor/fonts/vc_grid/vc_grid_v157a1-2.html]
[dentario-html.themerex.net/js/vendor/fonts/vc_grid/vc_grid_v157a1-3.html]
[dentario-html.themerex.net/js/vendor/fonts/vc_grid/vc_grid_v157a1-4.html]
[dentario-html.themerex.net/single-post.html]
[dentario-html.themerex.net/services-2.html]
[dentario-html.themerex.net/js/vendor/magnific/magnific-popup.min.css]
[dentario-html.themerex.net/js/vendor/booked/functions.js]
[dentario-html.themerex.net/js/vendor/images/ajax-loader.gif]
[dentario-html.themerex.net/js/vendor/font/egfontdde9.eot]
[dentario-html.themerex.net/js/vendor/font/egfontdde9.woff]
[dentario-html.themerex.net/js/vendor/font/egfontdde9.ttf]
[dentario-html.themerex.net/js/vendor/font/egfontdde9.svg]
[dentario-html.themerex.net/js/vendor/esg/settings.css]
[dentario-html.themerex.net/js/vendor/woo/woocommerce-layout.css]
[dentario-html.themerex.net/js/vendor/woo/woocommerce-smallscreen.css]
[dentario-html.themerex.net/js/vendor/fonts/star.13c.delayed]
[dentario-html.themerex.net/js/vendor/fonts/stard41d.eot]
[dentario-html.themerex.net/js/vendor/fonts/star.woff]
[dentario-html.themerex.net/js/vendor/fonts/star.ttf]
[dentario-html.themerex.net/js/vendor/fonts/star.svg]
[dentario-html.themerex.net/js/vendor/fonts/WooCommerce.eot]
[dentario-html.themerex.net/js/vendor/fonts/WooCommerced41d.eot]
[dentario-html.themerex.net/css/font/WooCommerce.woff]
[dentario-html.themerex.net/css/font/WooCommerce.ttf]
[dentario-html.themerex.net/js/vendor/fonts/WooCommerce.svg]
[dentario-html.themerex.net/js/vendor/images/icons/loader.svg]
[dentario-html.themerex.net/js/vendor/woo/photoswipe/default-skin/default-skin.png]
[dentario-html.themerex.net/js/vendor/images/icons/credit-cards/visa.svg]
[dentario-html.themerex.net/js/vendor/images/icons/credit-cards/mastercard.svg]
[dentario-html.themerex.net/js/vendor/images/icons/credit-cards/laser.svg]
[dentario-html.themerex.net/js/vendor/images/icons/credit-cards/diners.svg]
[dentario-html.themerex.net/js/vendor/images/icons/credit-cards/maestro.svg]
[dentario-html.themerex.net/js/vendor/images/icons/credit-cards/jcb.svg]
[dentario-html.themerex.net/js/vendor/images/icons/credit-cards/amex.svg]
[dentario-html.themerex.net/js/vendor/images/icons/credit-cards/discover.svg]
[dentario-html.themerex.net/js/vendor/woo/woocommerce.css]
[dentario-html.themerex.net/js/vendor/images/woo/shop-cat-bg-1.jpg]
[dentario-html.themerex.net/js/vendor/images/woo/shop-cat-bg-2.jpg]
[dentario-html.themerex.net/js/vendor/images/woo/shop-cat-bg-3.jpg]
[dentario-html.themerex.net/js/vendor/images/woo/shop-cat-bg-4.jpg]
[dentario-html.themerex.net/js/vendor/images/woo/shop-cat-bg-5.jpg]
[dentario-html.themerex.net/js/vendor/images/woo/shop-cat-bg-6.jpg]
[dentario-html.themerex.net/js/vendor/woo/plugin.woocommerce.css]
[dentario-html.themerex.net/images/product-4.jpg]
[dentario-html.themerex.net/images/product-4-600x600.jpg]
[dentario-html.themerex.net/single-product.html]
[dentario-html.themerex.net/images/info-block-6.png]
[dentario-html.themerex.net/js/vendor/woo/single-product.min.js]
[dentario-html.themerex.net/images/esgbox_sprite.png]
[dentario-html.themerex.net/js/vendor/images/esgbox_loading.gif]
[dentario-html.themerex.net/js/vendor/images/blank.gif]
[dentario-html.themerex.net/images/esgbox_overlay.png]
[dentario-html.themerex.net/images/esgbox_sprite@2x.png]
[dentario-html.themerex.net/images/esgbox_loading@2x.gif]
[dentario-html.themerex.net/js/vendor/images/esgbox_buttons.png]
[dentario-html.themerex.net/js/vendor/esg/lightbox.css]
[dentario-html.themerex.net/post-formats.htmlfeed/index.html]
[dentario-html.themerex.net/css/core.portfolio.css]
[dentario-html.themerex.net/js/vendor/booked/tooltipster.css]
[dentario-html.themerex.net/js/vendor/booked/tooltipster-light.css]
[dentario-html.themerex.net/js/vendor/booked/styles.css]
[dentario-html.themerex.net/js/vendor/booked/responsive.css]
[dentario-html.themerex.net/js/vendor/booked/plugin.booked.css]
[dentario-html.themerex.net/js/vendor/magnific/magnific-popup.min.css]
[dentario-html.themerex.net/js/vendor/images/ajax-loader.html]
[dentario-html.themerex.net/js/vendor/font/egfontdde9.html]
[dentario-html.themerex.net/js/vendor/font/egfontdde9-2.html]
[dentario-html.themerex.net/js/vendor/font/egfontdde9-3.html]
[dentario-html.themerex.net/js/vendor/font/egfontdde9-4.html]
[dentario-html.themerex.net/js/vendor/fonts/star.html]
[dentario-html.themerex.net/js/vendor/fonts/stard41d.html]
[dentario-html.themerex.net/js/vendor/fonts/star-2.html]
[dentario-html.themerex.net/js/vendor/fonts/star-3.html]
[dentario-html.themerex.net/js/vendor/fonts/star-4.html]
[dentario-html.themerex.net/js/vendor/fonts/WooCommerce.html]
[dentario-html.themerex.net/js/vendor/fonts/WooCommerced41d.html]
[dentario-html.themerex.net/js/vendor/fonts/WooCommerce-2.html]
[dentario-html.themerex.net/js/vendor/images/icons/loader.html]
[dentario-html.themerex.net/js/vendor/woo/photoswipe/default-skin/default-skin.html]
[dentario-html.themerex.net/js/vendor/images/icons/credit-cards/visa.html]
[dentario-html.themerex.net/js/vendor/images/icons/credit-cards/mastercard.html]
[dentario-html.themerex.net/js/vendor/images/icons/credit-cards/laser.html]
[dentario-html.themerex.net/js/vendor/images/icons/credit-cards/diners.html]
[dentario-html.themerex.net/js/vendor/images/icons/credit-cards/maestro.html]
[dentario-html.themerex.net/js/vendor/images/icons/credit-cards/jcb.html]
[dentario-html.themerex.net/js/vendor/images/icons/credit-cards/amex.html]
[dentario-html.themerex.net/js/vendor/images/icons/credit-cards/discover.html]
[dentario-html.themerex.net/js/vendor/images/woo/shop-cat-bg-1.html]
[dentario-html.themerex.net/js/vendor/images/woo/shop-cat-bg-2.html]
[dentario-html.themerex.net/js/vendor/images/woo/shop-cat-bg-3.html]
[dentario-html.themerex.net/js/vendor/images/woo/shop-cat-bg-4.html]
[dentario-html.themerex.net/js/vendor/images/woo/shop-cat-bg-5.html]
[dentario-html.themerex.net/js/vendor/images/woo/shop-cat-bg-6.html]
[dentario-html.themerex.net/images/gallery-3.jpg]
[dentario-html.themerex.net/js/vendor/images/esgbox_loading.html]
[dentario-html.themerex.net/js/vendor/images/blank.html]
[dentario-html.themerex.net/images/esgbox_sprite@2x.html]
[dentario-html.themerex.net/images/esgbox_loading@2x.html]
[dentario-html.themerex.net/js/vendor/images/esgbox_buttons.html]
